node.exe : C:\Users
\whilmis\Desktop\ba
ck scuti\node_modul
es\@prisma\client\s
rc\runtime\getPrism
aClient.ts:259
At C:\Program Files
\nodejs\npx.ps1:16 
char:5
+     & "$basedir/n
ode$exe"  "$basedir
/node_modules/npm/b
in/npx-cli.js" ...
+     ~~~~~~~~~~~~~
~~~~~~~~~~~~~~~~~~~
~~~~~~~~~~~~~~~~~~~
~~~~~~~~~~~~~~
    + CategoryInfo 
             : No  
  tSpecified: (C   
 :\Users\whilmi    
...maClient.ts    
:259:String) [    
], RemoteExcep    
tion
    + FullyQualifi 
   edErrorId : Na  
  tiveCommandErr   
 or
 
        throw new P
rismaClientInitiali
zationError(
              ^
PrismaClientInitial
izationError: 
`PrismaClient` 
needs to be 
constructed with a 
non-empty, valid `P
rismaClientOptions`
:

```
new PrismaClient({
  ...
})
```

or

```
constructor() {
  super({ ... });
}
```
          
    at new t (C:\Us
ers\whilmis\Desktop
\back scuti\node_mo
dules\@prisma\clien
t\src\runtime\getPr
ismaClient.ts:259:1
5)
    at 
Object.<anonymous> 
(C:\Users\whilmis\D
esktop\back scuti\s
rc\services\order.s
ervice.ts:5:16)
    at 
Module._compile (no
de:internal/modules
/cjs/loader:1688:14
)
    at 
Module.m._compile (
C:\Users\whilmis\De
sktop\back scuti\no
de_modules\ts-node\
src\index.ts:1618:2
3)
    at node:interna
l/modules/cjs/loade
r:1820:10
    at Object.requi
re.extensions.<comp
uted> [as .ts] (C:\
Users\whilmis\Deskt
op\back scuti\node_
modules\ts-node\src
\index.ts:1621:12)
    at Module.load 
(node:internal/modu
les/cjs/loader:1423
:32)
    at 
Function._load (nod
e:internal/modules/
cjs/loader:1246:12)
    at TracingChann
el.traceSync (node:
diagnostics_channel
:322:14)
    at 
wrapModuleLoad (nod
e:internal/modules/
cjs/loader:235:24) 
{
  clientVersion: 
'7.3.0',
  errorCode: 
undefined,
  retryable: 
undefined
}
